[tune precompute] seed=7 sudden       t= 0
[tune precompute] seed=7 sudden       t= 1
[tune precompute] seed=7 sudden       t= 2
[tune precompute] seed=7 sudden       t= 3
[tune precompute] seed=7 sudden       t= 4
[tune precompute] seed=7 sudden       t= 5
[tune precompute] seed=7 sudden       t= 6
[tune precompute] seed=7 sudden       t= 7
[tune precompute] seed=7 sudden       t= 8
[tune precompute] seed=7 sudden       t= 9
[tune precompute] seed=7 sudden       t=10
[tune precompute] seed=7 sudden       t=11
[tune precompute] seed=7 sudden       t=12
[tune precompute] seed=7 sudden       t=13
[tune precompute] seed=7 sudden       t=14
[tune precompute] seed=7 sudden       t=15
[tune precompute] seed=7 sudden       t=16
[tune precompute] seed=7 sudden       t=17
[tune precompute] seed=7 sudden       t=18
[tune precompute] seed=7 sudden       t=19
[tune precompute] seed=7 gradual      t= 0
[tune precompute] seed=7 gradual      t= 1
[tune precompute] seed=7 gradual      t= 2
[tune precompute] seed=7 gradual      t= 3
[tune precompute] seed=7 gradual      t= 4
[tune precompute] seed=7 gradual      t= 5
[tune precompute] seed=7 gradual      t= 6
[tune precompute] seed=7 gradual      t= 7
[tune precompute] seed=7 gradual      t= 8
[tune precompute] seed=7 gradual      t= 9
[tune precompute] seed=7 gradual      t=10
[tune precompute] seed=7 gradual      t=11
[tune precompute] seed=7 gradual      t=12
[tune precompute] seed=7 gradual      t=13
[tune precompute] seed=7 gradual      t=14
[tune precompute] seed=7 gradual      t=15
[tune precompute] seed=7 gradual      t=16
[tune precompute] seed=7 gradual      t=17
[tune precompute] seed=7 gradual      t=18
[tune precompute] seed=7 gradual      t=19
[tune precompute] seed=7 intermittent t= 0
[tune precompute] seed=7 intermittent t= 1
[tune precompute] seed=7 intermittent t= 2
[tune precompute] seed=7 intermittent t= 3
[tune precompute] seed=7 intermittent t= 4
[tune precompute] seed=7 intermittent t= 5
[tune precompute] seed=7 intermittent t= 6
[tune precompute] seed=7 intermittent t= 7
[tune precompute] seed=7 intermittent t= 8
[tune precompute] seed=7 intermittent t= 9
[tune precompute] seed=7 intermittent t=10
[tune precompute] seed=7 intermittent t=11
[tune precompute] seed=7 intermittent t=12
[tune precompute] seed=7 intermittent t=13
[tune precompute] seed=7 intermittent t=14
[tune precompute] seed=7 intermittent t=15
[tune precompute] seed=7 intermittent t=16
[tune precompute] seed=7 intermittent t=17
[tune precompute] seed=7 intermittent t=18
[tune precompute] seed=7 intermittent t=19
{
 "selection_rule": "maximise pooled strict top-1 on seed 7 (60 trials); ties broken by pooled hier top-1, then strict top-3, then fewest parameters changed from M5-frozen",
 "tuned_on": "Favorita seed 7, n=20 per drift type",
 "grid": {
  "slice_set": [
   "coarse",
   "coarse+item"
  ],
  "coarse_score_bar": [
   "0.0",
   "0.001",
   "0.0025",
   "0.005",
   "0.01",
   "0.02",
   "0.05",
   "inf"
  ],
  "burst_score_bar": [
   "10.0",
   "20.0",
   "40.0",
   "60.0",
   "100.0",
   "150.0",
   "250.0",
   "inf"
  ]
 },
 "frozen_seed7": {
  "slice_set": "coarse",
  "coarse_score_bar": 0.005,
  "burst_score_bar": 60.0,
  "n_changed": 0,
  "strict_top1_all": 1,
  "strict_top1_gradual": 1,
  "strict_top1_intermittent": 0,
  "strict_top1_sudden": 0,
  "hier_top1_all": 7,
  "hier_top1_gradual": 2,
  "hier_top1_intermittent": 0,
  "hier_top1_sudden": 5,
  "strict_top3_all": 6,
  "strict_top3_gradual": 3,
  "strict_top3_intermittent": 0,
  "strict_top3_sudden": 3
 },
 "chosen_seed7": {
  "slice_set": "coarse",
  "coarse_score_bar": Infinity,
  "burst_score_bar": 10.0,
  "n_changed": 2,
  "strict_top1_all": 8,
  "strict_top1_gradual": 1,
  "strict_top1_intermittent": 7,
  "strict_top1_sudden": 0,
  "hier_top1_all": 16,
  "hier_top1_gradual": 4,
  "hier_top1_intermittent": 7,
  "hier_top1_sudden": 5,
  "strict_top3_all": 17,
  "strict_top3_gradual": 2,
  "strict_top3_intermittent": 13,
  "strict_top3_sudden": 2
 },
 "changes": [
  {
   "parameter": "coarse_score_bar",
   "m5_frozen": "0.005",
   "favorita_retuned": "inf"
  },
  {
   "parameter": "burst_score_bar",
   "m5_frozen": "60.0",
   "favorita_retuned": "10.0"
  }
 ],
 "config": {
  "js_threshold": 0.015,
  "l_inf_threshold": 0.06,
  "slice_columns": [
   "cat_id",
   "dept_id",
   "state_id",
   "store_id"
  ],
  "min_slice_size": 20,
  "coarse_score_bar": Infinity,
  "burst_score_bar": 10.0,
  "fallback_slice_cols": [
   "cat_id",
   "item_id"
  ]
 },
 "not_tuned": {
  "js_threshold": "detection is evaluated separately; see note in changelog",
  "l_inf_threshold": "same",
  "min_slice_size": "unchanged",
  "fallback_slice_cols": "unchanged"
 }
}
